// Jest Snapshot v1, https://goo.gl/fbAQLP

exports[`should render the ExpenseDashBoardPage 1`] = `
<div>
  <p />
  <Connect(ExpensesSummary) />
  <p />
  <Connect(ExpenseListFilters) />
  <Connect(ExpenseList) />
</div>
`;
