// Jest Snapshot v1, https://goo.gl/fbAQLP

exports[`should render LoginPage correctly 1`] = `
<div>
  <h1>
    ðŸ¤– Login to me if you want to live ðŸ¤–
  </h1>
  <h3>
    (Please log in to start managing your expenses)
  </h3>
  <button
    onClick={[Function]}
  >
    Login
  </button>
</div>
`;
